Archive member included to satisfy reference by file (symbol)

/usr/lib/gcc/avr/5.4.0/../../../avr/lib/avr5/libm.a(addsf3.o)
                              obj/main.o (__subsf3)
/usr/lib/gcc/avr/5.4.0/../../../avr/lib/avr5/libm.a(addsf3x.o)
                              /usr/lib/gcc/avr/5.4.0/../../../avr/lib/avr5/libm.a(addsf3.o) (__addsf3x)
/usr/lib/gcc/avr/5.4.0/../../../avr/lib/avr5/libm.a(cmpsf2.o)
                              obj/main.o (__nesf2)
/usr/lib/gcc/avr/5.4.0/../../../avr/lib/avr5/libm.a(divsf3.o)
                              obj/main.o (__divsf3)
/usr/lib/gcc/avr/5.4.0/../../../avr/lib/avr5/libm.a(divsf3x.o)
                              /usr/lib/gcc/avr/5.4.0/../../../avr/lib/avr5/libm.a(divsf3.o) (__divsf3x)
/usr/lib/gcc/avr/5.4.0/../../../avr/lib/avr5/libm.a(fixsfsi.o)
                              obj/main.o (__fixsfsi)
/usr/lib/gcc/avr/5.4.0/../../../avr/lib/avr5/libm.a(fixunssfsi.o)
                              /usr/lib/gcc/avr/5.4.0/../../../avr/lib/avr5/libm.a(fixsfsi.o) (__fixunssfsi)
/usr/lib/gcc/avr/5.4.0/../../../avr/lib/avr5/libm.a(floatsisf.o)
                              obj/main.o (__floatunsisf)
/usr/lib/gcc/avr/5.4.0/../../../avr/lib/avr5/libm.a(fp_cmp.o)
                              /usr/lib/gcc/avr/5.4.0/../../../avr/lib/avr5/libm.a(cmpsf2.o) (__fp_cmp)
/usr/lib/gcc/avr/5.4.0/../../../avr/lib/avr5/libm.a(fp_inf.o)
                              /usr/lib/gcc/avr/5.4.0/../../../avr/lib/avr5/libm.a(addsf3x.o) (__fp_inf)
/usr/lib/gcc/avr/5.4.0/../../../avr/lib/avr5/libm.a(fp_nan.o)
                              /usr/lib/gcc/avr/5.4.0/../../../avr/lib/avr5/libm.a(addsf3x.o) (__fp_nan)
/usr/lib/gcc/avr/5.4.0/../../../avr/lib/avr5/libm.a(fp_pscA.o)
                              /usr/lib/gcc/avr/5.4.0/../../../avr/lib/avr5/libm.a(addsf3x.o) (__fp_pscA)
/usr/lib/gcc/avr/5.4.0/../../../avr/lib/avr5/libm.a(fp_pscB.o)
                              /usr/lib/gcc/avr/5.4.0/../../../avr/lib/avr5/libm.a(addsf3x.o) (__fp_pscB)
/usr/lib/gcc/avr/5.4.0/../../../avr/lib/avr5/libm.a(fp_round.o)
                              /usr/lib/gcc/avr/5.4.0/../../../avr/lib/avr5/libm.a(addsf3.o) (__fp_round)
/usr/lib/gcc/avr/5.4.0/../../../avr/lib/avr5/libm.a(fp_split3.o)
                              /usr/lib/gcc/avr/5.4.0/../../../avr/lib/avr5/libm.a(addsf3x.o) (__fp_split3)
/usr/lib/gcc/avr/5.4.0/../../../avr/lib/avr5/libm.a(fp_zero.o)
                              /usr/lib/gcc/avr/5.4.0/../../../avr/lib/avr5/libm.a(addsf3x.o) (__fp_zero)
/usr/lib/gcc/avr/5.4.0/../../../avr/lib/avr5/libm.a(gesf2.o)
                              obj/main.o (__gesf2)
/usr/lib/gcc/avr/5.4.0/../../../avr/lib/avr5/libm.a(log.o)
                              obj/main.o (log)
/usr/lib/gcc/avr/5.4.0/../../../avr/lib/avr5/libm.a(mulsf3.o)
                              obj/main.o (__mulsf3)
/usr/lib/gcc/avr/5.4.0/../../../avr/lib/avr5/libm.a(mulsf3x.o)
                              /usr/lib/gcc/avr/5.4.0/../../../avr/lib/avr5/libm.a(log.o) (__mulsf3x)
/usr/lib/gcc/avr/5.4.0/../../../avr/lib/avr5/libm.a(fp_mpack.o)
                              /usr/lib/gcc/avr/5.4.0/../../../avr/lib/avr5/libm.a(log.o) (__fp_mpack)
/usr/lib/gcc/avr/5.4.0/../../../avr/lib/avr5/libm.a(fp_powser.o)
                              /usr/lib/gcc/avr/5.4.0/../../../avr/lib/avr5/libm.a(log.o) (__fp_powser)
/usr/lib/gcc/avr/5.4.0/../../../avr/lib/avr5/libprintf_flt.a(vfprintf_flt.o)
                              (vfprintf)
/usr/lib/gcc/avr/5.4.0/../../../avr/lib/avr5/libscanf_flt.a(vfscanf_flt.o)
                              (vfscanf)
/usr/lib/gcc/avr/5.4.0/avr5/libgcc.a(_exit.o)
                              /usr/lib/gcc/avr/5.4.0/../../../avr/lib/avr5/crtatmega32u4.o (exit)
/usr/lib/gcc/avr/5.4.0/avr5/libgcc.a(_copy_data.o)
                              obj/main.o (__do_copy_data)
/usr/lib/gcc/avr/5.4.0/avr5/libgcc.a(_clear_bss.o)
                              obj/main.o (__do_clear_bss)
/usr/lib/gcc/avr/5.4.0/avr5/libgcc.a(_prologue.o)
                              /usr/lib/gcc/avr/5.4.0/../../../avr/lib/avr5/libprintf_flt.a(vfprintf_flt.o) (__prologue_saves__)
/usr/lib/gcc/avr/5.4.0/avr5/libgcc.a(_epilogue.o)
                              /usr/lib/gcc/avr/5.4.0/../../../avr/lib/avr5/libprintf_flt.a(vfprintf_flt.o) (__epilogue_restores__)
/usr/lib/gcc/avr/5.4.0/../../../avr/lib/avr5/libc.a(ftoa_engine.o)
                              /usr/lib/gcc/avr/5.4.0/../../../avr/lib/avr5/libprintf_flt.a(vfprintf_flt.o) (__ftoa_engine)
/usr/lib/gcc/avr/5.4.0/../../../avr/lib/avr5/libc.a(isspace.o)
                              /usr/lib/gcc/avr/5.4.0/../../../avr/lib/avr5/libscanf_flt.a(vfscanf_flt.o) (isspace)
/usr/lib/gcc/avr/5.4.0/../../../avr/lib/avr5/libc.a(tolower.o)
                              /usr/lib/gcc/avr/5.4.0/../../../avr/lib/avr5/libscanf_flt.a(vfscanf_flt.o) (tolower)
/usr/lib/gcc/avr/5.4.0/../../../avr/lib/avr5/libc.a(memcpy_P.o)
                              obj/RNDISClassDevice.o (memcpy_P)
[...]
Memory Configuration

Name             Origin             Length             Attributes
text             0x0000000000000000 0x0000000000020000 xr
data             0x0000000000800060 0x000000000000ffa0 rw !x
eeprom           0x0000000000810000 0x0000000000010000 rw !x
fuse             0x0000000000820000 0x0000000000000003 rw !x
lock             0x0000000000830000 0x0000000000000400 rw !x
signature        0x0000000000840000 0x0000000000000400 rw !x
user_signatures  0x0000000000850000 0x0000000000000400 rw !x
*default*        0x0000000000000000 0xffffffffffffffff

Linker script and memory map

Address of section .data set to 0x800100
LOAD /usr/lib/gcc/avr/5.4.0/../../../avr/lib/avr5/crtatmega32u4.o
LOAD obj/main.o
LOAD obj/spi.o
LOAD obj/i2c.o
LOAD obj/Descriptors.o
LOAD obj/HIDParser.o
LOAD obj/Device_AVR8.o
LOAD obj/EndpointStream_AVR8.o
LOAD obj/Endpoint_AVR8.o
LOAD obj/Host_AVR8.o
LOAD obj/PipeStream_AVR8.o
LOAD obj/Pipe_AVR8.o
LOAD obj/USBController_AVR8.o
LOAD obj/USBInterrupt_AVR8.o
LOAD obj/ConfigDescriptors.o
LOAD obj/DeviceStandardReq.o
LOAD obj/Events.o
LOAD obj/HostStandardReq.o
LOAD obj/USBTask.o
LOAD obj/AudioClassDevice.o
LOAD obj/CDCClassDevice.o
LOAD obj/HIDClassDevice.o
LOAD obj/MassStorageClassDevice.o
LOAD obj/MIDIClassDevice.o
LOAD obj/PrinterClassDevice.o
LOAD obj/RNDISClassDevice.o
LOAD obj/AndroidAccessoryClassHost.o
LOAD obj/AudioClassHost.o
LOAD obj/CDCClassHost.o
LOAD obj/HIDClassHost.o
LOAD obj/MassStorageClassHost.o
LOAD obj/MIDIClassHost.o
LOAD obj/PrinterClassHost.o
LOAD obj/RNDISClassHost.o
LOAD obj/StillImageClassHost.o
LOAD /usr/lib/gcc/avr/5.4.0/../../../avr/lib/avr5/libm.a
LOAD /usr/lib/gcc/avr/5.4.0/../../../avr/lib/avr5/libprintf_flt.a
LOAD /usr/lib/gcc/avr/5.4.0/../../../avr/lib/avr5/libscanf_flt.a
START GROUP
LOAD /usr/lib/gcc/avr/5.4.0/avr5/libgcc.a
LOAD /usr/lib/gcc/avr/5.4.0/../../../avr/lib/avr5/libm.a
LOAD /usr/lib/gcc/avr/5.4.0/../../../avr/lib/avr5/libc.a
LOAD /usr/lib/gcc/avr/5.4.0/../../../avr/lib/avr5/libatmega32u4.a
END GROUP
                0x0000000000020000                __TEXT_REGION_LENGTH__ = DEFINED (__TEXT_REGION_LENGTH__)?__TEXT_REGION_LENGTH__:0x20000
                0x000000000000ffa0                __DATA_REGION_LENGTH__ = DEFINED (__DATA_REGION_LENGTH__)?__DATA_REGION_LENGTH__:0xffa0
                0x0000000000010000                __EEPROM_REGION_LENGTH__ = DEFINED (__EEPROM_REGION_LENGTH__)?__EEPROM_REGION_LENGTH__:0x10000
                [0x0000000000000003]                __FUSE_REGION_LENGTH__ = DEFINED (__FUSE_REGION_LENGTH__)?__FUSE_REGION_LENGTH__:0x400
                0x0000000000000400                __LOCK_REGION_LENGTH__ = DEFINED (__LOCK_REGION_LENGTH__)?__LOCK_REGION_LENGTH__:0x400
                0x0000000000000400                __SIGNATURE_REGION_LENGTH__ = DEFINED (__SIGNATURE_REGION_LENGTH__)?__SIGNATURE_REGION_LENGTH__:0x400
                0x0000000000000400                __USER_SIGNATURE_REGION_LENGTH__ = DEFINED (__USER_SIGNATURE_REGION_LENGTH__)?__USER_SIGNATURE_REGION_LENGTH__:0x400

.hash
 *(.hash)

.dynsym
 *(.dynsym)

.dynstr
 *(.dynstr)

.gnu.version
 *(.gnu.version)

.gnu.version_d
 *(.gnu.version_d)

.gnu.version_r
 *(.gnu.version_r)

.rel.init
 *(.rel.init)

.rela.init
 *(.rela.init)

.rel.text
 *(.rel.text)
 *(.rel.text.*)
 *(.rel.gnu.linkonce.t*)

.rela.text
 *(.rela.text)
 *(.rela.text.*)
 *(.rela.gnu.linkonce.t*)

.rel.fini
 *(.rel.fini)

.rela.fini
 *(.rela.fini)

.rel.rodata
 *(.rel.rodata)
 *(.rel.rodata.*)
 *(.rel.gnu.linkonce.r*)

.rela.rodata
 *(.rela.rodata)
 *(.rela.rodata.*)
 *(.rela.gnu.linkonce.r*)

.rel.data
 *(.rel.data)
 *(.rel.data.*)
 *(.rel.gnu.linkonce.d*)

.rela.data
 *(.rela.data)
 *(.rela.data.*)
 *(.rela.gnu.linkonce.d*)

.rel.ctors
 *(.rel.ctors)

.rela.ctors
 *(.rela.ctors)

.rel.dtors
 *(.rel.dtors)

.rela.dtors
 *(.rela.dtors)

.rel.got
 *(.rel.got)

.rela.got
 *(.rela.got)

.rel.bss
 *(.rel.bss)

.rela.bss
 *(.rela.bss)

.rel.plt
 *(.rel.plt)

.rela.plt
 *(.rela.plt)

.text           0x0000000000000000     0x45c6
 *(.vectors)
 .vectors       0x0000000000000000       0xac /usr/lib/gcc/avr/5.4.0/../../../avr/lib/avr5/crtatmega32u4.o
                0x0000000000000000                __vectors
                0x0000000000000000                __vector_default
 *(.vectors)
 *(.progmem.gcc*)
 .progmem.gcc_fplib
                0x00000000000000ac       0x5a /usr/lib/gcc/avr/5.4.0/../../../avr/lib/avr5/libm.a(log.o)
                0x0000000000000106                . = ALIGN (0x2)
                0x0000000000000106                __trampolines_start = .
 *(.trampolines)
 .trampolines   0x0000000000000106        0x0 linker stubs
 *(.trampolines*)
                0x0000000000000106                __trampolines_end = .
 *libprintf_flt.a:*(.progmem.data)
 .progmem.data  0x0000000000000106        0x8 /usr/lib/gcc/avr/5.4.0/../../../avr/lib/avr5/libprintf_flt.a(vfprintf_flt.o)
 *libc.a:*(.progmem.data)
 .progmem.data  0x000000000000010e       0xfa /usr/lib/gcc/avr/5.4.0/../../../avr/lib/avr5/libc.a(ftoa_engine.o)
 *(.progmem*)
 .progmem.data  0x0000000000000208      0xc9a obj/main.o
                0x0000000000000208                wl_lut_1nm
                0x00000000000005b6                spectralsensitivitycoeff
                0x0000000000000a36                wccoeff
                0x0000000000000a4e                name
                0x0000000000000a58                model
                0x0000000000000a5e                serialnumber
                0x0000000000000a6c                wl_1nm
                0x0000000000000e1a                wl_10nm
                0x0000000000000e7a                unitcoeff
 .progmem.data  0x0000000000000ea2       0x8a obj/Descriptors.o
                0x0000000000000ea2                ProductString
                0x0000000000000ec8                ManufacturerString
                0x0000000000000ed8                LanguageString
                0x0000000000000edc                ConfigurationDescriptor
                0x0000000000000f1a                DeviceDescriptor
 .progmem.data  0x0000000000000f2c       0x4d /usr/lib/gcc/avr/5.4.0/../../../avr/lib/avr5/libscanf_flt.a(vfscanf_flt.o)
                0x0000000000000f7a                . = ALIGN (0x2)
 *fill*         0x0000000000000f79        0x1 
 *(.jumptables)
 *(.jumptables*)
 *(.lowtext)
 *(.lowtext*)
                0x0000000000000f7a                __ctors_start = .
 *(.ctors)
                0x0000000000000f7a                __ctors_end = .
                0x0000000000000f7a                __dtors_start = .
 *(.dtors)
                0x0000000000000f7a                __dtors_end = .
 SORT(*)(.ctors)
 SORT(*)(.dtors)
 *(.init0)
 .init0         0x0000000000000f7a        0x0 /usr/lib/gcc/avr/5.4.0/../../../avr/lib/avr5/crtatmega32u4.o
                0x0000000000000f7a                __init
 *(.init0)
 *(.init1)
 *(.init1)
 *(.init2)
 .init2         0x0000000000000f7a        0xc /usr/lib/gcc/avr/5.4.0/../../../avr/lib/avr5/crtatmega32u4.o
 *(.init2)
 *(.init3)
 *(.init3)
 *(.init4)
 .init4         0x0000000000000f86       0x16 /usr/lib/gcc/avr/5.4.0/avr5/libgcc.a(_copy_data.o)
                0x0000000000000f86                __do_copy_data
 .init4         0x0000000000000f9c       0x10 /usr/lib/gcc/avr/5.4.0/avr5/libgcc.a(_clear_bss.o)
                0x0000000000000f9c                __do_clear_bss
 *(.init4)
 *(.init5)
 *(.init5)
 *(.init6)
 *(.init6)
 *(.init7)
 *(.init7)
 *(.init8)
 *(.init8)
 *(.init9)
 .init9         0x0000000000000fac        0x6 /usr/lib/gcc/avr/5.4.0/../../../avr/lib/avr5/crtatmega32u4.o
 *(.init9)
 *(.text)
 .text          0x0000000000000fb2        0x2 /usr/lib/gcc/avr/5.4.0/../../../avr/lib/avr5/crtatmega32u4.o
                0x0000000000000fb2                __vector_38
                0x0000000000000fb2                __vector_22
                0x0000000000000fb2                __vector_28
                0x0000000000000fb2                __vector_1
                0x0000000000000fb2                __vector_32
                0x0000000000000fb2                __vector_34
                0x0000000000000fb2                __vector_24
                0x0000000000000fb2                __vector_12
                0x0000000000000fb2                __bad_interrupt
                0x0000000000000fb2                __vector_6
                0x0000000000000fb2                __vector_31
                0x0000000000000fb2                __vector_35
                0x0000000000000fb2                __vector_39
                0x0000000000000fb2                __vector_3
                0x0000000000000fb2                __vector_23
                0x0000000000000fb2                __vector_30
                0x0000000000000fb2                __vector_25
                0x0000000000000fb2                __vector_13
                0x0000000000000fb2                __vector_17
                0x0000000000000fb2                __vector_19
                0x0000000000000fb2                __vector_7
                0x0000000000000fb2                __vector_41
                0x0000000000000fb2                __vector_27
                0x0000000000000fb2                __vector_5
                0x0000000000000fb2                __vector_33
                0x0000000000000fb2                __vector_37
                0x0000000000000fb2                __vector_4
                0x0000000000000fb2                __vector_9
                0x0000000000000fb2                __vector_2
                0x0000000000000fb2                __vector_21
                0x0000000000000fb2                __vector_15
                0x0000000000000fb2                __vector_36
                0x0000000000000fb2                __vector_29
                0x0000000000000fb2                __vector_40
                0x0000000000000fb2                __vector_8
                0x0000000000000fb2                __vector_26
                0x0000000000000fb2                __vector_14
                0x0000000000000fb2                __vector_16
                0x0000000000000fb2                __vector_18
                0x0000000000000fb2                __vector_20
                0x0000000000000fb2                __vector_42
                0x0000000000000fb4                . = ALIGN (0x2)
 *(.text.*)
 .text.conv_wl  0x0000000000000fb4      0x1b8 obj/main.o
 .text.EVENT_USB_Device_Connect
                0x000000000000116c        0x2 obj/main.o
                0x000000000000116c                EVENT_USB_Device_Connect
 .text.EVENT_USB_Device_Disconnect
                0x000000000000116e        0x2 obj/main.o
                0x000000000000116e                EVENT_USB_Device_Disconnect
 .text.EVENT_USB_Device_ConfigurationChanged
                0x0000000000001170        0x8 obj/main.o
                0x0000000000001170                EVENT_USB_Device_ConfigurationChanged
 .text.EVENT_USB_Device_ControlRequest
                0x0000000000001178        0x8 obj/main.o
                0x0000000000001178                EVENT_USB_Device_ControlRequest
 .text.EVENT_CDC_Device_ControLineStateChanged
                0x0000000000001180        0x2 obj/main.o
                0x0000000000001180                EVENT_CDC_Device_ControLineStateChanged
 .text.delay    0x0000000000001182        0xc obj/main.o
                0x0000000000001182                delay
 .text.adc_temp_read
                0x000000000000118e      0x108 obj/main.o
                0x000000000000118e                adc_temp_read
 .text.mcp3201_init
                0x0000000000001296        0x8 obj/main.o
                0x0000000000001296                mcp3201_init
 .text.mcp3201_read
                0x000000000000129e       0x28 obj/main.o
                0x000000000000129e                mcp3201_read
 .text.c12880ma_init
                0x00000000000012c6       0x1e obj/main.o
                0x00000000000012c6                c12880ma_init
 .text.c12880ma_read
                0x00000000000012e4       0xc4 obj/main.o
                0x00000000000012e4                c12880ma_read
 .text.check_status
                0x00000000000013a8       0x76 obj/main.o
                0x00000000000013a8                check_status
 .text.SetupHardware
                0x000000000000141e       0x36 obj/main.o
                0x000000000000141e                SetupHardware
 .text.correct  0x0000000000001454      0x146 obj/main.o
                0x0000000000001454                correct
 .text.measure  0x000000000000159a      0x13e obj/main.o
                0x000000000000159a                measure
 .text.dark     0x00000000000016d8      0x232 obj/main.o
                0x00000000000016d8                dark
 .text.CDC_Recive_Event
                0x000000000000190a       0x36 obj/main.o
                0x000000000000190a                CDC_Recive_Event
 .text.CDC_Recive_Event_Process
                0x0000000000001940      0x668 obj/main.o
                0x0000000000001940                CDC_Recive_Event_Process
 .text.startup.main
                0x0000000000001fa8       0x3c obj/main.o
                0x0000000000001fa8                main
 .text.spi_init
                0x0000000000001fe4       0x12 obj/spi.o
                0x0000000000001fe4                spi_init
 .text.spi_transfer
                0x0000000000001ff6        0xe obj/spi.o
                0x0000000000001ff6                spi_transfer
 .text.CALLBACK_USB_GetDescriptor
                0x0000000000002004       0x60 obj/Descriptors.o
                0x0000000000002004                CALLBACK_USB_GetDescriptor
 .text.Endpoint_Write_Stream_LE
                0x0000000000002064       0x92 obj/EndpointStream_AVR8.o
                0x0000000000002064                Endpoint_Write_Stream_LE
 .text.Endpoint_Write_Control_Stream_LE
                0x00000000000020f6       0xbc obj/EndpointStream_AVR8.o
                0x00000000000020f6                Endpoint_Write_Control_Stream_LE
 .text.Endpoint_Write_Control_PStream_LE
                0x00000000000021b2       0xc2 obj/EndpointStream_AVR8.o
                0x00000000000021b2                Endpoint_Write_Control_PStream_LE
 .text.Endpoint_ConfigureEndpoint_Prv
                0x0000000000002274       0x6a obj/Endpoint_AVR8.o
                0x0000000000002274                Endpoint_ConfigureEndpoint_Prv
 .text.Endpoint_ConfigureEndpointTable
                0x00000000000022de       0x7a obj/Endpoint_AVR8.o
                0x00000000000022de                Endpoint_ConfigureEndpointTable
 .text.Endpoint_ClearStatusStage
                0x0000000000002358       0x3e obj/Endpoint_AVR8.o
                0x0000000000002358                Endpoint_ClearStatusStage
 .text.Endpoint_WaitUntilReady
                0x0000000000002396       0x66 obj/Endpoint_AVR8.o
                0x0000000000002396                Endpoint_WaitUntilReady
 .text.USB_ResetInterface
                0x00000000000023fc       0x80 obj/USBController_AVR8.o
                0x00000000000023fc                USB_ResetInterface
 .text.USB_Init
                0x000000000000247c       0x20 obj/USBController_AVR8.o
                0x000000000000247c                USB_Init
 .text.USB_INT_DisableAllInterrupts
                0x000000000000249c       0x10 obj/USBInterrupt_AVR8.o
                0x000000000000249c                USB_INT_DisableAllInterrupts
 .text.USB_INT_ClearAllInterrupts
                0x00000000000024ac        0xa obj/USBInterrupt_AVR8.o
                0x00000000000024ac                USB_INT_ClearAllInterrupts
 .text.__vector_10
                0x00000000000024b6      0x19a obj/USBInterrupt_AVR8.o
                0x00000000000024b6                __vector_10
 .text.__vector_11
                0x0000000000002650       0x86 obj/USBInterrupt_AVR8.o
                0x0000000000002650                __vector_11
 .text.USB_Device_ProcessControlRequest
                0x00000000000026d6      0x2c6 obj/DeviceStandardReq.o
                0x00000000000026d6                USB_Device_ProcessControlRequest
 .text.USB_Event_Stub
                0x000000000000299c        0x2 obj/Events.o
                0x000000000000299c                EVENT_USB_Device_WakeUp
                0x000000000000299c                USB_Event_Stub
                0x000000000000299c                EVENT_USB_Device_Suspend
                0x000000000000299c                EVENT_USB_Device_StartOfFrame
                0x000000000000299c                EVENT_USB_Device_Reset
 .text.USB_USBTask
                0x000000000000299e       0x34 obj/USBTask.o
                0x000000000000299e                USB_USBTask
 .text.CDC_Device_ConfigureEndpoints
                0x00000000000029d2       0x4a obj/CDCClassDevice.o
                0x00000000000029d2                CDC_Device_ConfigureEndpoints
 .text.CDC_Device_SendString
                0x0000000000002a1c       0x40 obj/CDCClassDevice.o
                0x0000000000002a1c                CDC_Device_SendString
 .text.CDC_Device_SendByte
                0x0000000000002a5c       0x56 obj/CDCClassDevice.o
                0x0000000000002a5c                CDC_Device_SendByte
 .text.CDC_Device_putchar
                0x0000000000002ab2       0x20 obj/CDCClassDevice.o
 .text.CDC_Device_Flush
                0x0000000000002ad2       0x5c obj/CDCClassDevice.o
                0x0000000000002ad2                CDC_Device_Flush
 .text.CDC_Device_USBTask
                0x0000000000002b2e       0x2c obj/CDCClassDevice.o
                0x0000000000002b2e                CDC_Device_USBTask
 .text.CDC_Device_ReceiveByte
                0x0000000000002b5a       0x6a obj/CDCClassDevice.o
                0x0000000000002b5a                CDC_Device_ReceiveByte
 .text.CDC_Device_getchar
                0x0000000000002bc4       0x12 obj/CDCClassDevice.o
 .text.CDC_Device_CreateStream
                0x0000000000002bd6       0x26 obj/CDCClassDevice.o
                0x0000000000002bd6                CDC_Device_CreateStream
 .text.CDC_Device_Event_Stub
                0x0000000000002bfc        0x2 obj/CDCClassDevice.o
                0x0000000000002bfc                EVENT_CDC_Device_LineEncodingChanged
                0x0000000000002bfc                EVENT_CDC_Device_BreakSent
                0x0000000000002bfc                CDC_Device_Event_Stub
 .text.CDC_Device_ProcessControlRequest
                0x0000000000002bfe      0x162 obj/CDCClassDevice.o
                0x0000000000002bfe                CDC_Device_ProcessControlRequest
 .text.avr-libc.fplib
                0x0000000000002d60        0xa /usr/lib/gcc/avr/5.4.0/../../../avr/lib/avr5/libm.a(addsf3.o)
                0x0000000000002d60                __subsf3
                0x0000000000002d62                __addsf3
 .text.avr-libc.fplib
                0x0000000000002d6a       0xc0 /usr/lib/gcc/avr/5.4.0/../../../avr/lib/avr5/libm.a(addsf3x.o)
                0x0000000000002d84                __addsf3x
 .text.avr-libc.fplib
                0x0000000000002e2a        0x8 /usr/lib/gcc/avr/5.4.0/../../../avr/lib/avr5/libm.a(cmpsf2.o)
                0x0000000000002e2a                __lesf2
                0x0000000000002e2a                __nesf2
                0x0000000000002e2a                __eqsf2
                0x0000000000002e2a                __cmpsf2
                0x0000000000002e2a                __ltsf2
 .text.avr-libc.fplib
                0x0000000000002e32        0x4 /usr/lib/gcc/avr/5.4.0/../../../avr/lib/avr5/libm.a(divsf3.o)
                0x0000000000002e32                __divsf3
 .text.avr-libc.fplib
                0x0000000000002e36       0xcc /usr/lib/gcc/avr/5.4.0/../../../avr/lib/avr5/libm.a(divsf3x.o)
                0x0000000000002e4c                __divsf3x
                0x0000000000002e50                __divsf3_pse
 .text.avr-libc.fplib
                0x0000000000002f02        0xa /usr/lib/gcc/avr/5.4.0/../../../avr/lib/avr5/libm.a(fixsfsi.o)
                0x0000000000002f02                __fixsfsi
 .text.avr-libc.fplib
                0x0000000000002f0c       0x58 /usr/lib/gcc/avr/5.4.0/../../../avr/lib/avr5/libm.a(fixunssfsi.o)
                0x0000000000002f0c                __fixunssfsi
 .text.avr-libc.fplib
                0x0000000000002f64       0x7a /usr/lib/gcc/avr/5.4.0/../../../avr/lib/avr5/libm.a(floatsisf.o)
                0x0000000000002f64                __floatunsisf
                0x0000000000002f68                __floatsisf
 .text.avr-libc.fplib
                0x0000000000002fde       0x48 /usr/lib/gcc/avr/5.4.0/../../../avr/lib/avr5/libm.a(fp_cmp.o)
                0x0000000000002fde                __fp_cmp
 .text.avr-libc.fplib
                0x0000000000003026        0xc /usr/lib/gcc/avr/5.4.0/../../../avr/lib/avr5/libm.a(fp_inf.o)
                0x0000000000003026                __fp_inf
 .text.avr-libc.fplib
                0x0000000000003032        0x6 /usr/lib/gcc/avr/5.4.0/../../../avr/lib/avr5/libm.a(fp_nan.o)
                0x0000000000003032                __fp_nan
 .text.avr-libc.fplib
                0x0000000000003038        0xe /usr/lib/gcc/avr/5.4.0/../../../avr/lib/avr5/libm.a(fp_pscA.o)
                0x0000000000003038                __fp_pscA
 .text.avr-libc.fplib
                0x0000000000003046        0xe /usr/lib/gcc/avr/5.4.0/../../../avr/lib/avr5/libm.a(fp_pscB.o)
                0x0000000000003046                __fp_pscB
 .text.avr-libc.fplib
                0x0000000000003054       0x22 /usr/lib/gcc/avr/5.4.0/../../../avr/lib/avr5/libm.a(fp_round.o)
                0x0000000000003054                __fp_round
 .text.avr-libc.fplib
                0x0000000000003076       0x44 /usr/lib/gcc/avr/5.4.0/../../../avr/lib/avr5/libm.a(fp_split3.o)
                0x0000000000003076                __fp_split3
                0x0000000000003086                __fp_splitA
 .text.avr-libc.fplib
                0x00000000000030ba        0xe /usr/lib/gcc/avr/5.4.0/../../../avr/lib/avr5/libm.a(fp_zero.o)
                0x00000000000030ba                __fp_zero
                0x00000000000030bc                __fp_szero
 .text.avr-libc.fplib
                0x00000000000030c8        0x8 /usr/lib/gcc/avr/5.4.0/../../../avr/lib/avr5/libm.a(gesf2.o)
                0x00000000000030c8                __gtsf2
                0x00000000000030c8                __gesf2
 .text.avr-libc.fplib
                0x00000000000030d0       0x8a /usr/lib/gcc/avr/5.4.0/../../../avr/lib/avr5/libm.a(log.o)
                0x00000000000030da                log
 .text.avr-libc.fplib
                0x000000000000315a        0x4 /usr/lib/gcc/avr/5.4.0/../../../avr/lib/avr5/libm.a(mulsf3.o)
                0x000000000000315a                __mulsf3
 .text.avr-libc.fplib
                0x000000000000315e       0xc2 /usr/lib/gcc/avr/5.4.0/../../../avr/lib/avr5/libm.a(mulsf3x.o)
                0x0000000000003172                __mulsf3x
                0x0000000000003176                __mulsf3_pse
 .text.avr-libc.fplib
                0x0000000000003220       0x1c /usr/lib/gcc/avr/5.4.0/../../../avr/lib/avr5/libm.a(fp_mpack.o)
                0x0000000000003220                __fp_mpack
                0x0000000000003224                __fp_mpack_finite
 .text.avr-libc.fplib
                0x000000000000323c       0x4a /usr/lib/gcc/avr/5.4.0/../../../avr/lib/avr5/libm.a(fp_powser.o)
                0x000000000000323c                __fp_powser
 .text.avr-libc
                0x0000000000003286      0x6be /usr/lib/gcc/avr/5.4.0/../../../avr/lib/avr5/libprintf_flt.a(vfprintf_flt.o)
                0x0000000000003286                vfprintf
 .text.avr-libc
                0x0000000000003944      0x7ba /usr/lib/gcc/avr/5.4.0/../../../avr/lib/avr5/libscanf_flt.a(vfscanf_flt.o)
                0x0000000000003ebc                vfscanf
 .text.libgcc.prologue
                0x00000000000040fe       0x38 /usr/lib/gcc/avr/5.4.0/avr5/libgcc.a(_prologue.o)
                0x00000000000040fe                __prologue_saves__
 .text.libgcc.prologue
                0x0000000000004136       0x36 /usr/lib/gcc/avr/5.4.0/avr5/libgcc.a(_epilogue.o)
                0x0000000000004136                __epilogue_restores__
 .text.avr-libc
                0x000000000000416c      0x1b0 /usr/lib/gcc/avr/5.4.0/../../../avr/lib/avr5/libc.a(ftoa_engine.o)
                0x000000000000416c                __ftoa_engine
 .text.avr-libc
                0x000000000000431c       0x10 /usr/lib/gcc/avr/5.4.0/../../../avr/lib/avr5/libc.a(isspace.o)
                0x000000000000431c                isspace
 .text.avr-libc
                0x000000000000432c       0x10 /usr/lib/gcc/avr/5.4.0/../../../avr/lib/avr5/libc.a(tolower.o)
                0x000000000000432c                tolower
 .text.avr-libc
                0x000000000000433c       0x16 /usr/lib/gcc/avr/5.4.0/../../../avr/lib/avr5/libc.a(strchr_P.o)
                0x000000000000433c                strchr_P
 .text.avr-libc
                0x0000000000004352       0x16 /usr/lib/gcc/avr/5.4.0/../../../avr/lib/avr5/libc.a(strnlen_P.o)
                0x0000000000004352                strnlen_P
 .text.avr-libc
                0x0000000000004368       0x1c /usr/lib/gcc/avr/5.4.0/../../../avr/lib/avr5/libc.a(strncmp.o)
                0x0000000000004368                strncmp
 .text.avr-libc
                0x0000000000004384       0x16 /usr/lib/gcc/avr/5.4.0/../../../avr/lib/avr5/libc.a(strnlen.o)
                0x0000000000004384                strnlen
 .text.avr-libc
                0x000000000000439a       0x7c /usr/lib/gcc/avr/5.4.0/../../../avr/lib/avr5/libc.a(fgetc.o)
                0x000000000000439a                fgetc
 .text.avr-libc
                0x0000000000004416       0x78 /usr/lib/gcc/avr/5.4.0/../../../avr/lib/avr5/libc.a(fputc.o)
                0x0000000000004416                fputc
 .text.avr-libc
                0x000000000000448e       0x40 /usr/lib/gcc/avr/5.4.0/../../../avr/lib/avr5/libc.a(sprintf.o)
                0x000000000000448e                sprintf
 .text.avr-libc
                0x00000000000044ce       0x32 /usr/lib/gcc/avr/5.4.0/../../../avr/lib/avr5/libc.a(ungetc.o)
                0x00000000000044ce                ungetc
 .text.avr-libc
                0x0000000000004500       0xbc /usr/lib/gcc/avr/5.4.0/../../../avr/lib/avr5/libc.a(ultoa_invert.o)
                0x0000000000004500                __ultoa_invert
 .text.avr-libc
                0x00000000000045bc        0x6 /usr/lib/gcc/avr/5.4.0/../../../avr/lib/avr5/libc.a(cty_isfalse.o)
                0x00000000000045bc                __ctype_isfalse
                0x00000000000045c0                __ctype_istrue
                0x00000000000045c2                . = ALIGN (0x2)
 *(.fini9)
 .fini9         0x00000000000045c2        0x0 /usr/lib/gcc/avr/5.4.0/avr5/libgcc.a(_exit.o)
                0x00000000000045c2                exit
                0x00000000000045c2                _exit
 *(.fini9)
 *(.fini8)
 *(.fini8)
 *(.fini7)
 *(.fini7)
 *(.fini6)
 *(.fini6)
 *(.fini5)
 *(.fini5)
 *(.fini4)
 *(.fini4)
 *(.fini3)
 *(.fini3)
 *(.fini2)
 *(.fini2)
 *(.fini1)
 *(.fini1)
 *(.fini0)
 .fini0         0x00000000000045c2        0x4 /usr/lib/gcc/avr/5.4.0/avr5/libgcc.a(_exit.o)
 *(.fini0)
                0x00000000000045c6                _etext = .

.data           0x0000000000800100      0x128 load address 0x00000000000045c6
                0x0000000000800100                PROVIDE (__data_start, .)
 *(.data)
 .data          0x0000000000800100       0x4b obj/main.o
                0x0000000000800100                VirtualSerial_CDC_Interface
 *(.data*)
 *(.rodata)
 .rodata        0x000000000080014b       0x12 obj/main.o
 *(.rodata*)
 .rodata.str1.1
                0x000000000080015d       0xca obj/main.o
 *(.gnu.linkonce.d*)
                0x0000000000800228                . = ALIGN (0x2)
 *fill*         0x0000000000800227        0x1 
                0x0000000000800228                _edata = .
                0x0000000000800228                PROVIDE (__data_end, .)

.bss            0x0000000000800228      0x708
                0x0000000000800228                PROVIDE (__bss_start, .)
 *(.bss)
 .bss           0x0000000000800228      0x6fb obj/main.o
 *(.bss*)
 *(COMMON)
 COMMON         0x0000000000800923        0x3 obj/DeviceStandardReq.o
                0x0000000000800923                USB_Device_ConfigurationNumber
                0x0000000000800924                USB_Device_CurrentlySelfPowered
                0x0000000000800925                USB_Device_RemoteWakeupEnabled
 COMMON         0x0000000000800926        0xa obj/USBTask.o
                0x0000000000800926                USB_IsInitialized
                0x0000000000800927                USB_DeviceState
                0x0000000000800928                USB_ControlRequest
                0x0000000000800930                PROVIDE (__bss_end, .)
                0x00000000000045c6                __data_load_start = LOADADDR (.data)
                0x00000000000046ee                __data_load_end = (__data_load_start + SIZEOF (.data))

.noinit         0x0000000000800930        0x0
                [!provide]                        PROVIDE (__noinit_start, .)
 *(.noinit*)
                [!provide]                        PROVIDE (__noinit_end, .)
                0x0000000000800930                _end = .
                [!provide]                        PROVIDE (__heap_start, .)

.eeprom         0x0000000000810000        0x0
 *(.eeprom*)
                0x0000000000810000                __eeprom_end = .

.fuse
 *(.fuse)
 *(.lfuse)
 *(.hfuse)
 *(.efuse)

.lock
 *(.lock*)

.signature
 *(.signature*)

.user_signatures
 *(.user_signatures*)

.stab
 *(.stab)

.stabstr
 *(.stabstr)

.stab.excl
 *(.stab.excl)

.stab.exclstr
 *(.stab.exclstr)

.stab.index
 *(.stab.index)

.stab.indexstr
 *(.stab.indexstr)

.comment        0x0000000000000000       0x11
 *(.comment)
 .comment       0x0000000000000000       0x11 obj/main.o
                                         0x12 (size before relaxing)
 .comment       0x0000000000000011       0x12 obj/spi.o
 .comment       0x0000000000000011       0x12 obj/Descriptors.o
 .comment       0x0000000000000011       0x12 obj/EndpointStream_AVR8.o
 .comment       0x0000000000000011       0x12 obj/Endpoint_AVR8.o
 .comment       0x0000000000000011       0x12 obj/USBController_AVR8.o
 .comment       0x0000000000000011       0x12 obj/USBInterrupt_AVR8.o
 .comment       0x0000000000000011       0x12 obj/DeviceStandardReq.o
 .comment       0x0000000000000011       0x12 obj/Events.o
 .comment       0x0000000000000011       0x12 obj/USBTask.o
 .comment       0x0000000000000011       0x12 obj/CDCClassDevice.o
 .comment       0x0000000000000011       0x12 /usr/lib/gcc/avr/5.4.0/../../../avr/lib/avr5/libprintf_flt.a(vfprintf_flt.o)
 .comment       0x0000000000000011       0x12 /usr/lib/gcc/avr/5.4.0/../../../avr/lib/avr5/libscanf_flt.a(vfscanf_flt.o)
 .comment       0x0000000000000011       0x12 /usr/lib/gcc/avr/5.4.0/../../../avr/lib/avr5/libc.a(fgetc.o)
 .comment       0x0000000000000011       0x12 /usr/lib/gcc/avr/5.4.0/../../../avr/lib/avr5/libc.a(fputc.o)
 .comment       0x0000000000000011       0x12 /usr/lib/gcc/avr/5.4.0/../../../avr/lib/avr5/libc.a(sprintf.o)
 .comment       0x0000000000000011       0x12 /usr/lib/gcc/avr/5.4.0/../../../avr/lib/avr5/libc.a(ungetc.o)

.note.gnu.avr.deviceinfo
                0x0000000000000000       0x40
 .note.gnu.avr.deviceinfo
                0x0000000000000000       0x40 /usr/lib/gcc/avr/5.4.0/../../../avr/lib/avr5/crtatmega32u4.o

.note.gnu.build-id
 *(.note.gnu.build-id)

.debug
 *(.debug)

.line
 *(.line)

.debug_srcinfo
 *(.debug_srcinfo)

.debug_sfnames
 *(.debug_sfnames)

.debug_aranges  0x0000000000000000      0x380
 *(.debug_aranges)
 .debug_aranges
                0x0000000000000000       0xc0 obj/main.o
 .debug_aranges
                0x00000000000000c0       0x28 obj/spi.o
 .debug_aranges
                0x00000000000000e8       0x20 obj/Descriptors.o
 .debug_aranges
                0x0000000000000108       0xc8 obj/EndpointStream_AVR8.o
 .debug_aranges
                0x00000000000001d0       0x40 obj/Endpoint_AVR8.o
 .debug_aranges
                0x0000000000000210       0x30 obj/USBController_AVR8.o
 .debug_aranges
                0x0000000000000240       0x38 obj/USBInterrupt_AVR8.o
 .debug_aranges
                0x0000000000000278       0x20 obj/DeviceStandardReq.o
 .debug_aranges
                0x0000000000000298       0x20 obj/Events.o
 .debug_aranges
                0x00000000000002b8       0x20 obj/USBTask.o
 .debug_aranges
                0x00000000000002d8       0xa8 obj/CDCClassDevice.o

.debug_pubnames
 *(.debug_pubnames)

.debug_info     0x0000000000000000     0x7341
 *(.debug_info .gnu.linkonce.wi.*)
 .debug_info    0x0000000000000000      0x9f4 /usr/lib/gcc/avr/5.4.0/../../../avr/lib/avr5/crtatmega32u4.o
 .debug_info    0x00000000000009f4     0x1920 obj/main.o
 .debug_info    0x0000000000002314       0xac obj/spi.o
 .debug_info    0x00000000000023c0      0x79a obj/Descriptors.o
 .debug_info    0x0000000000002b5a     0x17c8 obj/EndpointStream_AVR8.o
 .debug_info    0x0000000000004322      0x620 obj/Endpoint_AVR8.o
 .debug_info    0x0000000000004942      0x4e7 obj/USBController_AVR8.o
 .debug_info    0x0000000000004e29      0x7e7 obj/USBInterrupt_AVR8.o
 .debug_info    0x0000000000005610      0xa4c obj/DeviceStandardReq.o
 .debug_info    0x000000000000605c       0x78 obj/Events.o
 .debug_info    0x00000000000060d4      0x272 obj/USBTask.o
 .debug_info    0x0000000000006346      0xffb obj/CDCClassDevice.o

.debug_abbrev   0x0000000000000000     0x1ffb
 *(.debug_abbrev)
 .debug_abbrev  0x0000000000000000      0x96a /usr/lib/gcc/avr/5.4.0/../../../avr/lib/avr5/crtatmega32u4.o
 .debug_abbrev  0x000000000000096a      0x4b4 obj/main.o
 .debug_abbrev  0x0000000000000e1e       0x78 obj/spi.o
 .debug_abbrev  0x0000000000000e96      0x159 obj/Descriptors.o
 .debug_abbrev  0x0000000000000fef      0x1ea obj/EndpointStream_AVR8.o
 .debug_abbrev  0x00000000000011d9      0x226 obj/Endpoint_AVR8.o
 .debug_abbrev  0x00000000000013ff      0x191 obj/USBController_AVR8.o
 .debug_abbrev  0x0000000000001590      0x213 obj/USBInterrupt_AVR8.o
 .debug_abbrev  0x00000000000017a3      0x29c obj/DeviceStandardReq.o
 .debug_abbrev  0x0000000000001a3f       0x44 obj/Events.o
 .debug_abbrev  0x0000000000001a83      0x16b obj/USBTask.o
 .debug_abbrev  0x0000000000001bee      0x40d obj/CDCClassDevice.o

.debug_line     0x0000000000000000     0x3a20
 *(.debug_line .debug_line.* .debug_line_end)
 .debug_line    0x0000000000000000       0x1a /usr/lib/gcc/avr/5.4.0/../../../avr/lib/avr5/crtatmega32u4.o
 .debug_line    0x000000000000001a      0xa20 obj/main.o
 .debug_line    0x0000000000000a3a       0x98 obj/spi.o
 .debug_line    0x0000000000000ad2      0x196 obj/Descriptors.o
 .debug_line    0x0000000000000c68     0x13aa obj/EndpointStream_AVR8.o
 .debug_line    0x0000000000002012      0x43f obj/Endpoint_AVR8.o
 .debug_line    0x0000000000002451      0x2ad obj/USBController_AVR8.o
 .debug_line    0x00000000000026fe      0x4cb obj/USBInterrupt_AVR8.o
 .debug_line    0x0000000000002bc9      0x445 obj/DeviceStandardReq.o
 .debug_line    0x000000000000300e       0x4c obj/Events.o
 .debug_line    0x000000000000305a      0x142 obj/USBTask.o
 .debug_line    0x000000000000319c      0x884 obj/CDCClassDevice.o

.debug_frame    0x0000000000000000      0xb94
 *(.debug_frame)
 .debug_frame   0x0000000000000000      0x3a0 obj/main.o
 .debug_frame   0x00000000000003a0       0x34 obj/spi.o
 .debug_frame   0x00000000000003d4       0x24 obj/Descriptors.o
 .debug_frame   0x00000000000003f8      0x3bc obj/EndpointStream_AVR8.o
 .debug_frame   0x00000000000007b4       0x78 obj/Endpoint_AVR8.o
 .debug_frame   0x000000000000082c       0x58 obj/USBController_AVR8.o
 .debug_frame   0x0000000000000884       0xec obj/USBInterrupt_AVR8.o
 .debug_frame   0x0000000000000970       0x3c obj/DeviceStandardReq.o
 .debug_frame   0x00000000000009ac       0x24 obj/Events.o
 .debug_frame   0x00000000000009d0       0x2c obj/USBTask.o
 .debug_frame   0x00000000000009fc      0x198 obj/CDCClassDevice.o

.debug_str      0x0000000000000000     0x293b
 *(.debug_str)
 .debug_str     0x0000000000000000      0x371 /usr/lib/gcc/avr/5.4.0/../../../avr/lib/avr5/crtatmega32u4.o
 .debug_str     0x0000000000000371      0x84c obj/main.o
                                        0x8ec (size before relaxing)
 .debug_str     0x0000000000000bbd        0x6 obj/spi.o
                                        0x1a9 (size before relaxing)
 .debug_str     0x0000000000000bc3      0x906 obj/Descriptors.o
                                        0xb6b (size before relaxing)
 .debug_str     0x00000000000014c9      0x67e obj/EndpointStream_AVR8.o
                                        0x869 (size before relaxing)
 .debug_str     0x0000000000001b47      0x2d0 obj/Endpoint_AVR8.o
                                        0x629 (size before relaxing)
 .debug_str     0x0000000000001e17      0x287 obj/USBController_AVR8.o
                                        0x568 (size before relaxing)
 .debug_str     0x000000000000209e      0x1a3 obj/USBInterrupt_AVR8.o
                                        0x5e7 (size before relaxing)
 .debug_str     0x0000000000002241      0x418 obj/DeviceStandardReq.o
                                        0x9db (size before relaxing)
 .debug_str     0x0000000000002659       0x2e obj/Events.o
                                        0x1ad (size before relaxing)
 .debug_str     0x0000000000002687       0x3c obj/USBTask.o
                                        0x38e (size before relaxing)
 .debug_str     0x00000000000026c3      0x278 obj/CDCClassDevice.o
                                        0xa80 (size before relaxing)

.debug_loc      0x0000000000000000     0x478a
 *(.debug_loc)
 .debug_loc     0x0000000000000000     0x1043 obj/main.o
 .debug_loc     0x0000000000001043       0x1f obj/spi.o
 .debug_loc     0x0000000000001062      0x186 obj/Descriptors.o
 .debug_loc     0x00000000000011e8     0x1f97 obj/EndpointStream_AVR8.o
 .debug_loc     0x000000000000317f      0x38d obj/Endpoint_AVR8.o
 .debug_loc     0x000000000000350c       0xd5 obj/USBController_AVR8.o
 .debug_loc     0x00000000000035e1      0x3f4 obj/USBInterrupt_AVR8.o
 .debug_loc     0x00000000000039d5      0x2f6 obj/DeviceStandardReq.o
 .debug_loc     0x0000000000003ccb       0x49 obj/USBTask.o
 .debug_loc     0x0000000000003d14      0xa76 obj/CDCClassDevice.o

.debug_macinfo
 *(.debug_macinfo)

.debug_weaknames
 *(.debug_weaknames)

.debug_funcnames
 *(.debug_funcnames)

.debug_typenames
 *(.debug_typenames)

.debug_varnames
 *(.debug_varnames)

.debug_pubtypes
 *(.debug_pubtypes)

.debug_ranges   0x0000000000000000      0x4e8
 *(.debug_ranges)
 .debug_ranges  0x0000000000000000      0x110 obj/main.o
 .debug_ranges  0x0000000000000110       0x18 obj/spi.o
 .debug_ranges  0x0000000000000128       0x28 obj/Descriptors.o
 .debug_ranges  0x0000000000000150      0x1f8 obj/EndpointStream_AVR8.o
 .debug_ranges  0x0000000000000348       0x78 obj/Endpoint_AVR8.o
 .debug_ranges  0x00000000000003c0       0x20 obj/USBController_AVR8.o
 .debug_ranges  0x00000000000003e0       0x28 obj/USBInterrupt_AVR8.o
 .debug_ranges  0x0000000000000408       0x28 obj/DeviceStandardReq.o
 .debug_ranges  0x0000000000000430       0x10 obj/Events.o
 .debug_ranges  0x0000000000000440       0x10 obj/USBTask.o
 .debug_ranges  0x0000000000000450       0x98 obj/CDCClassDevice.o

.debug_macro
 *(.debug_macro)
OUTPUT(uvvisspec.elf elf32-avr)
LOAD linker stubs

Cross Reference Table

Symbol                                            File
Audio_Device_ConfigureEndpoints                   obj/AudioClassDevice.o
Audio_Device_Event_Stub                           obj/AudioClassDevice.o
Audio_Device_ProcessControlRequest                obj/AudioClassDevice.o
CALLBACK_Audio_Device_GetSetEndpointProperty      obj/AudioClassDevice.o
CALLBACK_Audio_Device_GetSetInterfaceProperty     obj/AudioClassDevice.o
CALLBACK_HIDParser_FilterHIDReportItem            obj/HIDParser.o
CALLBACK_HID_Device_CreateHIDReport               obj/HIDClassDevice.o
CALLBACK_HID_Device_ProcessHIDReport              obj/HIDClassDevice.o
CALLBACK_MS_Device_SCSICommandReceived            obj/MassStorageClassDevice.o
CALLBACK_USB_GetDescriptor                        obj/Descriptors.o
                                                  obj/DeviceStandardReq.o
CDC_Device_BytesReceived                          obj/CDCClassDevice.o
CDC_Device_ConfigureEndpoints                     obj/CDCClassDevice.o
                                                  obj/main.o
CDC_Device_CreateBlockingStream                   obj/CDCClassDevice.o
CDC_Device_CreateStream                           obj/CDCClassDevice.o
                                                  obj/main.o
CDC_Device_Event_Stub                             obj/CDCClassDevice.o
CDC_Device_Flush                                  obj/CDCClassDevice.o
CDC_Device_ProcessControlRequest                  obj/CDCClassDevice.o
                                                  obj/main.o
CDC_Device_ReceiveByte                            obj/CDCClassDevice.o
                                                  obj/main.o
CDC_Device_SendByte                               obj/CDCClassDevice.o
                                                  obj/main.o
CDC_Device_SendControlLineStateChange             obj/CDCClassDevice.o
CDC_Device_SendData                               obj/CDCClassDevice.o
CDC_Device_SendData_P                             obj/CDCClassDevice.o
CDC_Device_SendString                             obj/CDCClassDevice.o
                                                  obj/main.o
CDC_Device_SendString_P                           obj/CDCClassDevice.o
CDC_Device_USBTask                                obj/CDCClassDevice.o
                                                  obj/main.o
CDC_Recive_Event                                  obj/main.o
CDC_Recive_Event_Process                          obj/main.o
ConfigurationDescriptor                           obj/Descriptors.o
DeviceDescriptor                                  obj/Descriptors.o
EVENT_Audio_Device_StreamStartStop                obj/AudioClassDevice.o
EVENT_CDC_Device_BreakSent                        obj/CDCClassDevice.o
EVENT_CDC_Device_ControLineStateChanged           obj/main.o
EVENT_CDC_Device_LineEncodingChanged              obj/CDCClassDevice.o
EVENT_PRNT_Device_SoftReset                       obj/PrinterClassDevice.o
EVENT_USB_Device_ConfigurationChanged             obj/main.o
                                                  obj/DeviceStandardReq.o
EVENT_USB_Device_Connect                          obj/main.o
                                                  obj/USBInterrupt_AVR8.o
EVENT_USB_Device_ControlRequest                   obj/main.o
                                                  obj/DeviceStandardReq.o
EVENT_USB_Device_Disconnect                       obj/main.o
                                                  obj/USBInterrupt_AVR8.o
EVENT_USB_Device_Reset                            obj/Events.o
                                                  obj/USBInterrupt_AVR8.o
EVENT_USB_Device_StartOfFrame                     obj/Events.o
                                                  obj/USBInterrupt_AVR8.o
EVENT_USB_Device_Suspend                          obj/Events.o
                                                  obj/USBInterrupt_AVR8.o
EVENT_USB_Device_WakeUp                           obj/Events.o
                                                  obj/USBInterrupt_AVR8.o
Endpoint_ClearEndpoints                           obj/Endpoint_AVR8.o
Endpoint_ClearStatusStage                         obj/Endpoint_AVR8.o
                                                  obj/PrinterClassDevice.o
                                                  obj/MassStorageClassDevice.o
                                                  obj/HIDClassDevice.o
                                                  obj/CDCClassDevice.o
                                                  obj/AudioClassDevice.o
                                                  obj/DeviceStandardReq.o
Endpoint_ConfigureEndpointTable                   obj/Endpoint_AVR8.o
                                                  obj/RNDISClassDevice.o
                                                  obj/PrinterClassDevice.o
                                                  obj/MIDIClassDevice.o
                                                  obj/MassStorageClassDevice.o
                                                  obj/HIDClassDevice.o
                                                  obj/CDCClassDevice.o
                                                  obj/AudioClassDevice.o
Endpoint_ConfigureEndpoint_Prv                    obj/Endpoint_AVR8.o
                                                  obj/USBInterrupt_AVR8.o
                                                  obj/USBController_AVR8.o
Endpoint_Discard_Stream                           obj/EndpointStream_AVR8.o
Endpoint_Null_Stream                              obj/EndpointStream_AVR8.o
Endpoint_Read_Control_EStream_BE                  obj/EndpointStream_AVR8.o
Endpoint_Read_Control_EStream_LE                  obj/EndpointStream_AVR8.o
Endpoint_Read_Control_Stream_BE                   obj/EndpointStream_AVR8.o
Endpoint_Read_Control_Stream_LE                   obj/EndpointStream_AVR8.o
                                                  obj/RNDISClassDevice.o
                                                  obj/HIDClassDevice.o
                                                  obj/AudioClassDevice.o
Endpoint_Read_EStream_BE                          obj/EndpointStream_AVR8.o
Endpoint_Read_EStream_LE                          obj/EndpointStream_AVR8.o
Endpoint_Read_Stream_BE                           obj/EndpointStream_AVR8.o
Endpoint_Read_Stream_LE                           obj/EndpointStream_AVR8.o
                                                  obj/RNDISClassDevice.o
                                                  obj/MIDIClassDevice.o
                                                  obj/MassStorageClassDevice.o
Endpoint_WaitUntilReady                           obj/Endpoint_AVR8.o
                                                  obj/RNDISClassDevice.o
                                                  obj/PrinterClassDevice.o
                                                  obj/MIDIClassDevice.o
                                                  obj/CDCClassDevice.o
                                                  obj/EndpointStream_AVR8.o
Endpoint_Write_Control_EStream_BE                 obj/EndpointStream_AVR8.o
Endpoint_Write_Control_EStream_LE                 obj/EndpointStream_AVR8.o
Endpoint_Write_Control_PStream_BE                 obj/EndpointStream_AVR8.o
Endpoint_Write_Control_PStream_LE                 obj/EndpointStream_AVR8.o
                                                  obj/DeviceStandardReq.o
Endpoint_Write_Control_Stream_BE                  obj/EndpointStream_AVR8.o
Endpoint_Write_Control_Stream_LE                  obj/EndpointStream_AVR8.o
                                                  obj/RNDISClassDevice.o
                                                  obj/PrinterClassDevice.o
                                                  obj/HIDClassDevice.o
                                                  obj/AudioClassDevice.o
                                                  obj/DeviceStandardReq.o
Endpoint_Write_EStream_BE                         obj/EndpointStream_AVR8.o
Endpoint_Write_EStream_LE                         obj/EndpointStream_AVR8.o
Endpoint_Write_PStream_BE                         obj/EndpointStream_AVR8.o
Endpoint_Write_PStream_LE                         obj/EndpointStream_AVR8.o
                                                  obj/CDCClassDevice.o
Endpoint_Write_Stream_BE                          obj/EndpointStream_AVR8.o
Endpoint_Write_Stream_LE                          obj/EndpointStream_AVR8.o
                                                  obj/RNDISClassDevice.o
                                                  obj/PrinterClassDevice.o
                                                  obj/MIDIClassDevice.o
                                                  obj/MassStorageClassDevice.o
                                                  obj/HIDClassDevice.o
                                                  obj/CDCClassDevice.o
HID_Device_ConfigureEndpoints                     obj/HIDClassDevice.o
HID_Device_ProcessControlRequest                  obj/HIDClassDevice.o
HID_Device_USBTask                                obj/HIDClassDevice.o
LanguageString                                    obj/Descriptors.o
MIDI_Device_ConfigureEndpoints                    obj/MIDIClassDevice.o
MIDI_Device_Flush                                 obj/MIDIClassDevice.o
MIDI_Device_ReceiveEventPacket                    obj/MIDIClassDevice.o
MIDI_Device_SendEventPacket                       obj/MIDIClassDevice.o
MIDI_Device_USBTask                               obj/MIDIClassDevice.o
MS_Device_ConfigureEndpoints                      obj/MassStorageClassDevice.o
MS_Device_ProcessControlRequest                   obj/MassStorageClassDevice.o
MS_Device_USBTask                                 obj/MassStorageClassDevice.o
ManufacturerString                                obj/Descriptors.o
PRNT_Device_BytesReceived                         obj/PrinterClassDevice.o
PRNT_Device_ConfigureEndpoints                    obj/PrinterClassDevice.o
PRNT_Device_CreateBlockingStream                  obj/PrinterClassDevice.o
PRNT_Device_CreateStream                          obj/PrinterClassDevice.o
PRNT_Device_Event_Stub                            obj/PrinterClassDevice.o
PRNT_Device_Flush                                 obj/PrinterClassDevice.o
PRNT_Device_ProcessControlRequest                 obj/PrinterClassDevice.o
PRNT_Device_ReceiveByte                           obj/PrinterClassDevice.o
PRNT_Device_SendByte                              obj/PrinterClassDevice.o
PRNT_Device_SendData                              obj/PrinterClassDevice.o
PRNT_Device_SendString                            obj/PrinterClassDevice.o
PRNT_Device_USBTask                               obj/PrinterClassDevice.o
ProductString                                     obj/Descriptors.o
RNDIS_Device_ConfigureEndpoints                   obj/RNDISClassDevice.o
RNDIS_Device_IsPacketReceived                     obj/RNDISClassDevice.o
RNDIS_Device_ProcessControlRequest                obj/RNDISClassDevice.o
RNDIS_Device_ReadPacket                           obj/RNDISClassDevice.o
RNDIS_Device_SendPacket                           obj/RNDISClassDevice.o
RNDIS_Device_USBTask                              obj/RNDISClassDevice.o
SetupHardware                                     obj/main.o
USB_ControlRequest                                obj/USBTask.o
                                                  obj/RNDISClassDevice.o
                                                  obj/PrinterClassDevice.o
                                                  obj/MassStorageClassDevice.o
                                                  obj/HIDClassDevice.o
                                                  obj/CDCClassDevice.o
                                                  obj/AudioClassDevice.o
                                                  obj/DeviceStandardReq.o
                                                  obj/Endpoint_AVR8.o
                                                  obj/EndpointStream_AVR8.o
USB_DeviceState                                   obj/USBTask.o
                                                  obj/RNDISClassDevice.o
                                                  obj/PrinterClassDevice.o
                                                  obj/MIDIClassDevice.o
                                                  obj/MassStorageClassDevice.o
                                                  obj/HIDClassDevice.o
                                                  obj/CDCClassDevice.o
                                                  obj/DeviceStandardReq.o
                                                  obj/USBInterrupt_AVR8.o
                                                  obj/USBController_AVR8.o
                                                  obj/Endpoint_AVR8.o
                                                  obj/EndpointStream_AVR8.o
USB_Device_ConfigurationNumber                    obj/DeviceStandardReq.o
                                                  obj/USBInterrupt_AVR8.o
                                                  obj/USBController_AVR8.o
USB_Device_CurrentlySelfPowered                   obj/DeviceStandardReq.o
                                                  obj/USBController_AVR8.o
USB_Device_ProcessControlRequest                  obj/DeviceStandardReq.o
                                                  obj/USBTask.o
                                                  obj/USBInterrupt_AVR8.o
USB_Device_RemoteWakeupEnabled                    obj/DeviceStandardReq.o
                                                  obj/USBController_AVR8.o
USB_Device_SendRemoteWakeup                       obj/Device_AVR8.o
USB_Disable                                       obj/USBController_AVR8.o
USB_Event_Stub                                    obj/Events.o
USB_GetHIDReportItemInfo                          obj/HIDParser.o
USB_GetHIDReportSize                              obj/HIDParser.o
USB_GetNextDescriptorComp                         obj/ConfigDescriptors.o
USB_GetNextDescriptorOfType                       obj/ConfigDescriptors.o
USB_GetNextDescriptorOfTypeAfter                  obj/ConfigDescriptors.o
USB_GetNextDescriptorOfTypeBefore                 obj/ConfigDescriptors.o
USB_INT_ClearAllInterrupts                        obj/USBInterrupt_AVR8.o
                                                  obj/USBController_AVR8.o
USB_INT_DisableAllInterrupts                      obj/USBInterrupt_AVR8.o
                                                  obj/USBController_AVR8.o
USB_Init                                          obj/USBController_AVR8.o
                                                  obj/main.o
USB_IsInitialized                                 obj/USBTask.o
                                                  obj/USBController_AVR8.o
USB_ProcessHIDReport                              obj/HIDParser.o
USB_ResetInterface                                obj/USBController_AVR8.o
USB_SetHIDReportItemInfo                          obj/HIDParser.o
USB_USBTask                                       obj/USBTask.o
                                                  obj/PrinterClassDevice.o
                                                  obj/CDCClassDevice.o
                                                  obj/main.o
VirtualSerial_CDC_Interface                       obj/main.o
__FUSE_REGION_LENGTH__                            /usr/lib/gcc/avr/5.4.0/../../../avr/lib/avr5/crtatmega32u4.o
__addsf3                                          /usr/lib/gcc/avr/5.4.0/../../../avr/lib/avr5/libm.a(addsf3.o)
                                                  /usr/lib/gcc/avr/5.4.0/../../../avr/lib/avr5/libm.a(log.o)
                                                  obj/main.o
__addsf3x                                         /usr/lib/gcc/avr/5.4.0/../../../avr/lib/avr5/libm.a(addsf3x.o)
                                                  /usr/lib/gcc/avr/5.4.0/../../../avr/lib/avr5/libm.a(fp_powser.o)
                                                  /usr/lib/gcc/avr/5.4.0/../../../avr/lib/avr5/libm.a(log.o)
                                                  /usr/lib/gcc/avr/5.4.0/../../../avr/lib/avr5/libm.a(addsf3.o)
__bad_interrupt                                   /usr/lib/gcc/avr/5.4.0/../../../avr/lib/avr5/crtatmega32u4.o
__bss_end                                         /usr/lib/gcc/avr/5.4.0/avr5/libgcc.a(_clear_bss.o)
__bss_start                                       /usr/lib/gcc/avr/5.4.0/avr5/libgcc.a(_clear_bss.o)
__cmpsf2                                          /usr/lib/gcc/avr/5.4.0/../../../avr/lib/avr5/libm.a(cmpsf2.o)
__ctype_isfalse                                   /usr/lib/gcc/avr/5.4.0/../../../avr/lib/avr5/libc.a(cty_isfalse.o)
                                                  /usr/lib/gcc/avr/5.4.0/../../../avr/lib/avr5/libc.a(isspace.o)
__ctype_istrue                                    /usr/lib/gcc/avr/5.4.0/../../../avr/lib/avr5/libc.a(cty_isfalse.o)
__data_end                                        /usr/lib/gcc/avr/5.4.0/avr5/libgcc.a(_copy_data.o)
__data_load_start                                 /usr/lib/gcc/avr/5.4.0/avr5/libgcc.a(_copy_data.o)
__data_start                                      /usr/lib/gcc/avr/5.4.0/avr5/libgcc.a(_copy_data.o)
__divsf3                                          /usr/lib/gcc/avr/5.4.0/../../../avr/lib/avr5/libm.a(divsf3.o)
                                                  obj/main.o
__divsf3_pse                                      /usr/lib/gcc/avr/5.4.0/../../../avr/lib/avr5/libm.a(divsf3x.o)
__divsf3x                                         /usr/lib/gcc/avr/5.4.0/../../../avr/lib/avr5/libm.a(divsf3x.o)
                                                  /usr/lib/gcc/avr/5.4.0/../../../avr/lib/avr5/libm.a(divsf3.o)
__do_clear_bss                                    /usr/lib/gcc/avr/5.4.0/avr5/libgcc.a(_clear_bss.o)
                                                  obj/USBTask.o
                                                  obj/DeviceStandardReq.o
                                                  obj/main.o
__do_copy_data                                    /usr/lib/gcc/avr/5.4.0/avr5/libgcc.a(_copy_data.o)
                                                  obj/RNDISClassDevice.o
                                                  obj/CDCClassDevice.o
                                                  obj/main.o
__epilogue_restores__                             /usr/lib/gcc/avr/5.4.0/avr5/libgcc.a(_epilogue.o)
                                                  /usr/lib/gcc/avr/5.4.0/../../../avr/lib/avr5/libc.a(sprintf.o)
                                                  /usr/lib/gcc/avr/5.4.0/../../../avr/lib/avr5/libscanf_flt.a(vfscanf_flt.o)
                                                  /usr/lib/gcc/avr/5.4.0/../../../avr/lib/avr5/libprintf_flt.a(vfprintf_flt.o)
__eqsf2                                           /usr/lib/gcc/avr/5.4.0/../../../avr/lib/avr5/libm.a(cmpsf2.o)
__fixsfsi                                         /usr/lib/gcc/avr/5.4.0/../../../avr/lib/avr5/libm.a(fixsfsi.o)
                                                  obj/main.o
__fixunssfsi                                      /usr/lib/gcc/avr/5.4.0/../../../avr/lib/avr5/libm.a(fixunssfsi.o)
                                                  /usr/lib/gcc/avr/5.4.0/../../../avr/lib/avr5/libm.a(fixsfsi.o)
__floatsisf                                       /usr/lib/gcc/avr/5.4.0/../../../avr/lib/avr5/libm.a(floatsisf.o)
                                                  /usr/lib/gcc/avr/5.4.0/../../../avr/lib/avr5/libm.a(log.o)
                                                  obj/main.o
__floatunsisf                                     /usr/lib/gcc/avr/5.4.0/../../../avr/lib/avr5/libm.a(floatsisf.o)
                                                  /usr/lib/gcc/avr/5.4.0/../../../avr/lib/avr5/libscanf_flt.a(vfscanf_flt.o)
                                                  obj/main.o
__fp_cmp                                          /usr/lib/gcc/avr/5.4.0/../../../avr/lib/avr5/libm.a(fp_cmp.o)
                                                  /usr/lib/gcc/avr/5.4.0/../../../avr/lib/avr5/libm.a(gesf2.o)
                                                  /usr/lib/gcc/avr/5.4.0/../../../avr/lib/avr5/libm.a(cmpsf2.o)
__fp_inf                                          /usr/lib/gcc/avr/5.4.0/../../../avr/lib/avr5/libm.a(fp_inf.o)
                                                  /usr/lib/gcc/avr/5.4.0/../../../avr/lib/avr5/libm.a(mulsf3x.o)
                                                  /usr/lib/gcc/avr/5.4.0/../../../avr/lib/avr5/libm.a(log.o)
                                                  /usr/lib/gcc/avr/5.4.0/../../../avr/lib/avr5/libm.a(divsf3x.o)
                                                  /usr/lib/gcc/avr/5.4.0/../../../avr/lib/avr5/libm.a(addsf3x.o)
__fp_mpack                                        /usr/lib/gcc/avr/5.4.0/../../../avr/lib/avr5/libm.a(fp_mpack.o)
                                                  /usr/lib/gcc/avr/5.4.0/../../../avr/lib/avr5/libm.a(log.o)
__fp_mpack_finite                                 /usr/lib/gcc/avr/5.4.0/../../../avr/lib/avr5/libm.a(fp_mpack.o)
__fp_nan                                          /usr/lib/gcc/avr/5.4.0/../../../avr/lib/avr5/libm.a(fp_nan.o)
                                                  /usr/lib/gcc/avr/5.4.0/../../../avr/lib/avr5/libm.a(mulsf3x.o)
                                                  /usr/lib/gcc/avr/5.4.0/../../../avr/lib/avr5/libm.a(log.o)
                                                  /usr/lib/gcc/avr/5.4.0/../../../avr/lib/avr5/libm.a(divsf3x.o)
                                                  /usr/lib/gcc/avr/5.4.0/../../../avr/lib/avr5/libm.a(addsf3x.o)
__fp_powser                                       /usr/lib/gcc/avr/5.4.0/../../../avr/lib/avr5/libm.a(fp_powser.o)
                                                  /usr/lib/gcc/avr/5.4.0/../../../avr/lib/avr5/libm.a(log.o)
__fp_pscA                                         /usr/lib/gcc/avr/5.4.0/../../../avr/lib/avr5/libm.a(fp_pscA.o)
                                                  /usr/lib/gcc/avr/5.4.0/../../../avr/lib/avr5/libm.a(mulsf3x.o)
                                                  /usr/lib/gcc/avr/5.4.0/../../../avr/lib/avr5/libm.a(divsf3x.o)
                                                  /usr/lib/gcc/avr/5.4.0/../../../avr/lib/avr5/libm.a(addsf3x.o)
__fp_pscB                                         /usr/lib/gcc/avr/5.4.0/../../../avr/lib/avr5/libm.a(fp_pscB.o)
                                                  /usr/lib/gcc/avr/5.4.0/../../../avr/lib/avr5/libm.a(mulsf3x.o)
                                                  /usr/lib/gcc/avr/5.4.0/../../../avr/lib/avr5/libm.a(divsf3x.o)
                                                  /usr/lib/gcc/avr/5.4.0/../../../avr/lib/avr5/libm.a(addsf3x.o)
__fp_round                                        /usr/lib/gcc/avr/5.4.0/../../../avr/lib/avr5/libm.a(fp_round.o)
                                                  /usr/lib/gcc/avr/5.4.0/../../../avr/lib/avr5/libm.a(mulsf3.o)
                                                  /usr/lib/gcc/avr/5.4.0/../../../avr/lib/avr5/libm.a(log.o)
                                                  /usr/lib/gcc/avr/5.4.0/../../../avr/lib/avr5/libm.a(divsf3.o)
                                                  /usr/lib/gcc/avr/5.4.0/../../../avr/lib/avr5/libm.a(addsf3.o)
__fp_split3                                       /usr/lib/gcc/avr/5.4.0/../../../avr/lib/avr5/libm.a(fp_split3.o)
                                                  /usr/lib/gcc/avr/5.4.0/../../../avr/lib/avr5/libm.a(mulsf3x.o)
                                                  /usr/lib/gcc/avr/5.4.0/../../../avr/lib/avr5/libm.a(divsf3x.o)
                                                  /usr/lib/gcc/avr/5.4.0/../../../avr/lib/avr5/libm.a(addsf3x.o)
__fp_splitA                                       /usr/lib/gcc/avr/5.4.0/../../../avr/lib/avr5/libm.a(fp_split3.o)
                                                  /usr/lib/gcc/avr/5.4.0/../../../avr/lib/avr5/libm.a(log.o)
                                                  /usr/lib/gcc/avr/5.4.0/../../../avr/lib/avr5/libm.a(fixunssfsi.o)
__fp_szero                                        /usr/lib/gcc/avr/5.4.0/../../../avr/lib/avr5/libm.a(fp_zero.o)
                                                  /usr/lib/gcc/avr/5.4.0/../../../avr/lib/avr5/libm.a(mulsf3x.o)
                                                  /usr/lib/gcc/avr/5.4.0/../../../avr/lib/avr5/libm.a(fixsfsi.o)
                                                  /usr/lib/gcc/avr/5.4.0/../../../avr/lib/avr5/libm.a(divsf3x.o)
__fp_zero                                         /usr/lib/gcc/avr/5.4.0/../../../avr/lib/avr5/libm.a(fp_zero.o)
                                                  /usr/lib/gcc/avr/5.4.0/../../../avr/lib/avr5/libm.a(fixunssfsi.o)
                                                  /usr/lib/gcc/avr/5.4.0/../../../avr/lib/avr5/libm.a(addsf3x.o)
__ftoa_engine                                     /usr/lib/gcc/avr/5.4.0/../../../avr/lib/avr5/libc.a(ftoa_engine.o)
                                                  /usr/lib/gcc/avr/5.4.0/../../../avr/lib/avr5/libprintf_flt.a(vfprintf_flt.o)
__gesf2                                           /usr/lib/gcc/avr/5.4.0/../../../avr/lib/avr5/libm.a(gesf2.o)
                                                  obj/main.o
__gtsf2                                           /usr/lib/gcc/avr/5.4.0/../../../avr/lib/avr5/libm.a(gesf2.o)
                                                  obj/main.o
__heap_end                                        /usr/lib/gcc/avr/5.4.0/../../../avr/lib/avr5/crtatmega32u4.o
__init                                            /usr/lib/gcc/avr/5.4.0/../../../avr/lib/avr5/crtatmega32u4.o
__lesf2                                           /usr/lib/gcc/avr/5.4.0/../../../avr/lib/avr5/libm.a(cmpsf2.o)
__ltsf2                                           /usr/lib/gcc/avr/5.4.0/../../../avr/lib/avr5/libm.a(cmpsf2.o)
                                                  obj/main.o
__mulsf3                                          /usr/lib/gcc/avr/5.4.0/../../../avr/lib/avr5/libm.a(mulsf3.o)
                                                  /usr/lib/gcc/avr/5.4.0/../../../avr/lib/avr5/libscanf_flt.a(vfscanf_flt.o)
                                                  obj/main.o
__mulsf3_pse                                      /usr/lib/gcc/avr/5.4.0/../../../avr/lib/avr5/libm.a(mulsf3x.o)
__mulsf3x                                         /usr/lib/gcc/avr/5.4.0/../../../avr/lib/avr5/libm.a(mulsf3x.o)
                                                  /usr/lib/gcc/avr/5.4.0/../../../avr/lib/avr5/libm.a(fp_powser.o)
                                                  /usr/lib/gcc/avr/5.4.0/../../../avr/lib/avr5/libm.a(mulsf3.o)
                                                  /usr/lib/gcc/avr/5.4.0/../../../avr/lib/avr5/libm.a(log.o)
__nesf2                                           /usr/lib/gcc/avr/5.4.0/../../../avr/lib/avr5/libm.a(cmpsf2.o)
                                                  obj/main.o
__prologue_saves__                                /usr/lib/gcc/avr/5.4.0/avr5/libgcc.a(_prologue.o)
                                                  /usr/lib/gcc/avr/5.4.0/../../../avr/lib/avr5/libc.a(sprintf.o)
                                                  /usr/lib/gcc/avr/5.4.0/../../../avr/lib/avr5/libscanf_flt.a(vfscanf_flt.o)
                                                  /usr/lib/gcc/avr/5.4.0/../../../avr/lib/avr5/libprintf_flt.a(vfprintf_flt.o)
__stack                                           /usr/lib/gcc/avr/5.4.0/../../../avr/lib/avr5/crtatmega32u4.o
__strlen_P                                        /usr/lib/gcc/avr/5.4.0/../../../avr/lib/avr5/libc.a(strlen_P.o)
                                                  obj/CDCClassDevice.o
__subsf3                                          /usr/lib/gcc/avr/5.4.0/../../../avr/lib/avr5/libm.a(addsf3.o)
                                                  obj/main.o
__ultoa_invert                                    /usr/lib/gcc/avr/5.4.0/../../../avr/lib/avr5/libc.a(ultoa_invert.o)
                                                  /usr/lib/gcc/avr/5.4.0/../../../avr/lib/avr5/libprintf_flt.a(vfprintf_flt.o)
__vector_1                                        /usr/lib/gcc/avr/5.4.0/../../../avr/lib/avr5/crtatmega32u4.o
__vector_10                                       obj/USBInterrupt_AVR8.o
                                                  /usr/lib/gcc/avr/5.4.0/../../../avr/lib/avr5/crtatmega32u4.o
__vector_11                                       obj/USBInterrupt_AVR8.o
                                                  /usr/lib/gcc/avr/5.4.0/../../../avr/lib/avr5/crtatmega32u4.o
__vector_12                                       /usr/lib/gcc/avr/5.4.0/../../../avr/lib/avr5/crtatmega32u4.o
__vector_13                                       /usr/lib/gcc/avr/5.4.0/../../../avr/lib/avr5/crtatmega32u4.o
__vector_14                                       /usr/lib/gcc/avr/5.4.0/../../../avr/lib/avr5/crtatmega32u4.o
__vector_15                                       /usr/lib/gcc/avr/5.4.0/../../../avr/lib/avr5/crtatmega32u4.o
__vector_16                                       /usr/lib/gcc/avr/5.4.0/../../../avr/lib/avr5/crtatmega32u4.o
__vector_17                                       /usr/lib/gcc/avr/5.4.0/../../../avr/lib/avr5/crtatmega32u4.o
__vector_18                                       /usr/lib/gcc/avr/5.4.0/../../../avr/lib/avr5/crtatmega32u4.o
__vector_19                                       /usr/lib/gcc/avr/5.4.0/../../../avr/lib/avr5/crtatmega32u4.o
__vector_2                                        /usr/lib/gcc/avr/5.4.0/../../../avr/lib/avr5/crtatmega32u4.o
__vector_20                                       /usr/lib/gcc/avr/5.4.0/../../../avr/lib/avr5/crtatmega32u4.o
__vector_21                                       /usr/lib/gcc/avr/5.4.0/../../../avr/lib/avr5/crtatmega32u4.o
__vector_22                                       /usr/lib/gcc/avr/5.4.0/../../../avr/lib/avr5/crtatmega32u4.o
__vector_23                                       /usr/lib/gcc/avr/5.4.0/../../../avr/lib/avr5/crtatmega32u4.o
__vector_24                                       /usr/lib/gcc/avr/5.4.0/../../../avr/lib/avr5/crtatmega32u4.o
__vector_25                                       /usr/lib/gcc/avr/5.4.0/../../../avr/lib/avr5/crtatmega32u4.o
__vector_26                                       /usr/lib/gcc/avr/5.4.0/../../../avr/lib/avr5/crtatmega32u4.o
__vector_27                                       /usr/lib/gcc/avr/5.4.0/../../../avr/lib/avr5/crtatmega32u4.o
__vector_28                                       /usr/lib/gcc/avr/5.4.0/../../../avr/lib/avr5/crtatmega32u4.o
__vector_29                                       /usr/lib/gcc/avr/5.4.0/../../../avr/lib/avr5/crtatmega32u4.o
__vector_3                                        /usr/lib/gcc/avr/5.4.0/../../../avr/lib/avr5/crtatmega32u4.o
__vector_30                                       /usr/lib/gcc/avr/5.4.0/../../../avr/lib/avr5/crtatmega32u4.o
__vector_31                                       /usr/lib/gcc/avr/5.4.0/../../../avr/lib/avr5/crtatmega32u4.o
__vector_32                                       /usr/lib/gcc/avr/5.4.0/../../../avr/lib/avr5/crtatmega32u4.o
__vector_33                                       /usr/lib/gcc/avr/5.4.0/../../../avr/lib/avr5/crtatmega32u4.o
__vector_34                                       /usr/lib/gcc/avr/5.4.0/../../../avr/lib/avr5/crtatmega32u4.o
__vector_35                                       /usr/lib/gcc/avr/5.4.0/../../../avr/lib/avr5/crtatmega32u4.o
__vector_36                                       /usr/lib/gcc/avr/5.4.0/../../../avr/lib/avr5/crtatmega32u4.o
__vector_37                                       /usr/lib/gcc/avr/5.4.0/../../../avr/lib/avr5/crtatmega32u4.o
__vector_38                                       /usr/lib/gcc/avr/5.4.0/../../../avr/lib/avr5/crtatmega32u4.o
__vector_39                                       /usr/lib/gcc/avr/5.4.0/../../../avr/lib/avr5/crtatmega32u4.o
__vector_4                                        /usr/lib/gcc/avr/5.4.0/../../../avr/lib/avr5/crtatmega32u4.o
__vector_40                                       /usr/lib/gcc/avr/5.4.0/../../../avr/lib/avr5/crtatmega32u4.o
__vector_41                                       /usr/lib/gcc/avr/5.4.0/../../../avr/lib/avr5/crtatmega32u4.o
__vector_42                                       /usr/lib/gcc/avr/5.4.0/../../../avr/lib/avr5/crtatmega32u4.o
__vector_5                                        /usr/lib/gcc/avr/5.4.0/../../../avr/lib/avr5/crtatmega32u4.o
__vector_6                                        /usr/lib/gcc/avr/5.4.0/../../../avr/lib/avr5/crtatmega32u4.o
__vector_7                                        /usr/lib/gcc/avr/5.4.0/../../../avr/lib/avr5/crtatmega32u4.o
__vector_8                                        /usr/lib/gcc/avr/5.4.0/../../../avr/lib/avr5/crtatmega32u4.o
__vector_9                                        /usr/lib/gcc/avr/5.4.0/../../../avr/lib/avr5/crtatmega32u4.o
__vector_default                                  /usr/lib/gcc/avr/5.4.0/../../../avr/lib/avr5/crtatmega32u4.o
__vectors                                         /usr/lib/gcc/avr/5.4.0/../../../avr/lib/avr5/crtatmega32u4.o
_exit                                             /usr/lib/gcc/avr/5.4.0/avr5/libgcc.a(_exit.o)
adc_temp_init                                     obj/main.o
adc_temp_read                                     obj/main.o
c12880ma_init                                     obj/main.o
c12880ma_read                                     obj/main.o
check_status                                      obj/main.o
correct                                           obj/main.o
dark                                              obj/main.o
delay                                             obj/main.o
eeprom_read_byte                                  /usr/lib/gcc/avr/5.4.0/../../../avr/lib/avr5/libatmega32u4.a(eerd_byte.o)
                                                  obj/EndpointStream_AVR8.o
eeprom_update_byte                                /usr/lib/gcc/avr/5.4.0/../../../avr/lib/avr5/libatmega32u4.a(eeupd_byte.o)
                                                  obj/EndpointStream_AVR8.o
eeprom_update_r18                                 /usr/lib/gcc/avr/5.4.0/../../../avr/lib/avr5/libatmega32u4.a(eeupd_byte.o)
exit                                              /usr/lib/gcc/avr/5.4.0/avr5/libgcc.a(_exit.o)
                                                  /usr/lib/gcc/avr/5.4.0/../../../avr/lib/avr5/crtatmega32u4.o
fgetc                                             /usr/lib/gcc/avr/5.4.0/../../../avr/lib/avr5/libc.a(fgetc.o)
                                                  /usr/lib/gcc/avr/5.4.0/../../../avr/lib/avr5/libscanf_flt.a(vfscanf_flt.o)
fputc                                             /usr/lib/gcc/avr/5.4.0/../../../avr/lib/avr5/libc.a(fputc.o)
                                                  /usr/lib/gcc/avr/5.4.0/../../../avr/lib/avr5/libprintf_flt.a(vfprintf_flt.o)
i2c_init                                          obj/i2c.o
i2c_read_ack                                      obj/i2c.o
i2c_read_nack                                     obj/i2c.o
i2c_start                                         obj/i2c.o
i2c_stop                                          obj/i2c.o
i2c_write                                         obj/i2c.o
isspace                                           /usr/lib/gcc/avr/5.4.0/../../../avr/lib/avr5/libc.a(isspace.o)
                                                  /usr/lib/gcc/avr/5.4.0/../../../avr/lib/avr5/libscanf_flt.a(vfscanf_flt.o)
log                                               /usr/lib/gcc/avr/5.4.0/../../../avr/lib/avr5/libm.a(log.o)
                                                  obj/main.o
main                                              obj/main.o
                                                  /usr/lib/gcc/avr/5.4.0/../../../avr/lib/avr5/crtatmega32u4.o
mcp3201_init                                      obj/main.o
mcp3201_read                                      obj/main.o
measure                                           obj/main.o
memcmp                                            /usr/lib/gcc/avr/5.4.0/../../../avr/lib/avr5/libc.a(memcmp.o)
                                                  obj/HIDClassDevice.o
memcpy                                            /usr/lib/gcc/avr/5.4.0/../../../avr/lib/avr5/libc.a(memcpy.o)
                                                  obj/RNDISClassDevice.o
                                                  obj/HIDClassDevice.o
memcpy_P                                          /usr/lib/gcc/avr/5.4.0/../../../avr/lib/avr5/libc.a(memcpy_P.o)
                                                  obj/RNDISClassDevice.o
memset                                            /usr/lib/gcc/avr/5.4.0/../../../avr/lib/avr5/libc.a(memset.o)
                                                  obj/HIDClassDevice.o
model                                             obj/main.o
name                                              obj/main.o
select_exposure_time                              obj/main.o
serialnumber                                      obj/main.o
spectralsensitivitycoeff                          obj/main.o
spi_init                                          obj/spi.o
                                                  obj/main.o
spi_transfer                                      obj/spi.o
                                                  obj/main.o
sprintf                                           /usr/lib/gcc/avr/5.4.0/../../../avr/lib/avr5/libc.a(sprintf.o)
                                                  obj/main.o
strchr_P                                          /usr/lib/gcc/avr/5.4.0/../../../avr/lib/avr5/libc.a(strchr_P.o)
                                                  /usr/lib/gcc/avr/5.4.0/../../../avr/lib/avr5/libscanf_flt.a(vfscanf_flt.o)
strncmp                                           /usr/lib/gcc/avr/5.4.0/../../../avr/lib/avr5/libc.a(strncmp.o)
                                                  obj/main.o
strnlen                                           /usr/lib/gcc/avr/5.4.0/../../../avr/lib/avr5/libc.a(strnlen.o)
                                                  /usr/lib/gcc/avr/5.4.0/../../../avr/lib/avr5/libprintf_flt.a(vfprintf_flt.o)
strnlen_P                                         /usr/lib/gcc/avr/5.4.0/../../../avr/lib/avr5/libc.a(strnlen_P.o)
                                                  /usr/lib/gcc/avr/5.4.0/../../../avr/lib/avr5/libprintf_flt.a(vfprintf_flt.o)
tolower                                           /usr/lib/gcc/avr/5.4.0/../../../avr/lib/avr5/libc.a(tolower.o)
                                                  /usr/lib/gcc/avr/5.4.0/../../../avr/lib/avr5/libscanf_flt.a(vfscanf_flt.o)
ungetc                                            /usr/lib/gcc/avr/5.4.0/../../../avr/lib/avr5/libc.a(ungetc.o)
                                                  /usr/lib/gcc/avr/5.4.0/../../../avr/lib/avr5/libscanf_flt.a(vfscanf_flt.o)
unitcoeff                                         obj/main.o
vfprintf                                          /usr/lib/gcc/avr/5.4.0/../../../avr/lib/avr5/libprintf_flt.a(vfprintf_flt.o)
                                                  /usr/lib/gcc/avr/5.4.0/../../../avr/lib/avr5/libc.a(sprintf.o)
vfscanf                                           /usr/lib/gcc/avr/5.4.0/../../../avr/lib/avr5/libscanf_flt.a(vfscanf_flt.o)
wccoeff                                           obj/main.o
wl_10nm                                           obj/main.o
wl_1nm                                            obj/main.o
wl_lut_1nm                                        obj/main.o
